---
source: tests/cli.rs
expression: "serde_json::to_string_pretty(&parsed).unwrap()"
---
{
  "diagnostics": [
    {
      "line": 5,
      "message": "file exports 2 substantial things, expected 1",
      "notes": [
        "exports: def authenticate, def validate_token",
        "move all but one to files of their own, or make them private"
      ],
      "path": "src/features/auth/authenticate.py",
      "rule": "single_primary_export",
      "tag": "content"
    }
  ],
  "error_count": 1,
  "files_checked": 1
}
