---
source: tests/cli.rs
expression: check(stringify! (too_deep))
---
exit: 1
error[folder]: folders nest 4 deep below the root, and the limit is 3
  --> src/features/auth/login/forms
      src/features/billing/reports/quarterly
   |
   = flatten a level, or split the tree into two roots

checked 2 files -- 2 violations
